*** Using Compiler 'V5.06 update 7 (build 960)', folder: 'C:\Keil_v5\ARM\ARMCC\Bin'
Rebuild target 'IoT_Collector_F407'
assembling startup_stm32f407xx.s...
compiling stm32f4xx_hal_adc.c...
compiling stm32f4xx_hal_cryp.c...
compiling stm32f4xx_hal_cec.c...
compiling stm32f4xx_hal_dac.c...
compiling stm32f4xx_hal_can.c...
compiling system_stm32f4xx.c...
compiling stm32f4xx_hal_cryp_ex.c...
compiling stm32f4xx_hal_adc_ex.c...
compiling stm32f4xx_hal_cortex.c...
compiling stm32f4xx_hal_crc.c...
compiling stm32f4xx_hal_dcmi_ex.c...
compiling stm32f4xx_hal_dma_ex.c...
compiling stm32f4xx_hal_dma.c...
compiling stm32f4xx_hal.c...
compiling stm32f4xx_hal_dac_ex.c...
compiling stm32f4xx_hal_dcmi.c...
compiling stm32f4xx_hal_dfsdm.c...
compiling stm32f4xx_hal_dma2d.c...
compiling stm32f4xx_hal_dsi.c...
compiling stm32f4xx_hal_eth.c...
compiling stm32f4xx_hal_flash.c...
compiling stm32f4xx_hal_gpio.c...
compiling stm32f4xx_hal_hash.c...
compiling stm32f4xx_hal_fmpi2c.c...
compiling stm32f4xx_hal_flash_ramfunc.c...
compiling stm32f4xx_hal_flash_ex.c...
compiling stm32f4xx_hal_hcd.c...
compiling stm32f4xx_hal_fmpi2c_ex.c...
compiling stm32f4xx_hal_hash_ex.c...
compiling stm32f4xx_hal_i2c.c...
compiling stm32f4xx_hal_i2c_ex.c...
compiling stm32f4xx_hal_i2s_ex.c...
compiling stm32f4xx_hal_i2s.c...
compiling stm32f4xx_hal_lptim.c...
compiling stm32f4xx_hal_ltdc_ex.c...
compiling stm32f4xx_hal_iwdg.c...
compiling stm32f4xx_hal_ltdc.c...
compiling stm32f4xx_hal_irda.c...
compiling stm32f4xx_hal_nor.c...
compiling stm32f4xx_hal_mmc.c...
compiling stm32f4xx_hal_pccard.c...
compiling stm32f4xx_hal_pcd.c...
compiling stm32f4xx_hal_pcd_ex.c...
compiling stm32f4xx_hal_nand.c...
compiling stm32f4xx_hal_pwr.c...
compiling stm32f4xx_hal_pwr_ex.c...
compiling stm32f4xx_hal_qspi.c...
compiling stm32f4xx_hal_rtc.c...
compiling stm32f4xx_hal_rng.c...
compiling stm32f4xx_hal_rcc.c...
compiling stm32f4xx_hal_sai.c...
compiling stm32f4xx_hal_rtc_ex.c...
compiling stm32f4xx_hal_rcc_ex.c...
compiling stm32f4xx_hal_sdram.c...
compiling stm32f4xx_hal_smartcard.c...
compiling stm32f4xx_hal_spdifrx.c...
compiling stm32f4xx_hal_sai_ex.c...
compiling stm32f4xx_hal_spi.c...
compiling stm32f4xx_hal_sram.c...
compiling stm32f4xx_hal_tim_ex.c...
compiling stm32f4xx_hal_sd.c...
compiling stm32f4xx_hal_usart.c...
compiling stm32f4xx_hal_uart.c...
compiling stm32f4xx_hal_wwdg.c...
compiling stm32f4xx_ll_fsmc.c...
compiling stm32f4xx_ll_sdmmc.c...
compiling stm32f4xx_ll_usb.c...
compiling stm32f4xx_hal_tim.c...
compiling bsp_debug_usart.c...
compiling stm32f4xx_it.c...
compiling drv_manager.c...
compiling drv_led.c...
compiling drv_sensor.c...
compiling drv_camera.c...
compiling drv_lcd.c...
compiling drv_key.c...
compiling bsp_eth.c...
compiling cloud_manager.c...
compiling sensor_manager.c...
compiling net_manager.c...
compiling ota_manager.c...
compiling core_delay.c...
compiling bsp_led.c...
compiling board.c...
compiling bsp_dht11.c...
compiling tasks.c...
compiling croutine.c...
compiling main_new.c...
compiling event_groups.c...
compiling osal.c...
compiling mqttclient.c...
compiling debug.c...
compiling queue.c...
compiling list.c...
compiling api_msg.c...
compiling heap_4.c...
compiling port.c...
compiling timers.c...
compiling if_api.c...
compiling netifapi.c...
compiling netbuf.c...
compiling netdb.c...
compiling tcpip.c...
compiling sockets.c...
compiling def.c...
compiling altcp_alloc.c...
compiling api_lib.c...
compiling dns.c...
compiling ip.c...
compiling init.c...
compiling mem.c...
compiling raw.c...
compiling pbuf.c...
compiling sys.c...
compiling netif.c...
compiling err.c...
compiling udp.c...
compiling timeouts.c...
compiling autoip.c...
compiling altcp_tcp.c...
compiling inet_chksum.c...
compiling etharp.c...
compiling altcp.c...
compiling igmp.c...
compiling ip4.c...
compiling stats.c...
compiling memp.c...
compiling tcp_in.c...
compiling ip4_frag.c...
compiling ethernet.c...
compiling tcp_out.c...
compiling tcp.c...
compiling bridgeif.c...
compiling zepif.c...
compiling MQTTConnectClient.c...
compiling MQTTConnectServer.c...
compiling dhcp.c...
compiling MQTTDeserializePublish.c...
compiling ip4_addr.c...
compiling MQTTFormat.c...
compiling MQTTPacket.c...
compiling MQTTSerializePublish.c...
compiling MQTTSubscribeClient.c...
compiling MQTTSubscribeServer.c...
compiling MQTTUnsubscribeClient.c...
compiling MQTTUnsubscribeServer.c...
compiling icmp.c...
compiling cJSON_Utils.c...
assembling cmb_fault.S...
compiling cm_backtrace.c...
compiling lowpan6_ble.c...
compiling lowpan6_common.c...
compiling sys_arch.c...
compiling cJSON_Process.c...
compiling lowpan6.c...
compiling ethernetif.c...
compiling cJSON.c...
compiling transport.c...
linking...
Program Size: Code=78256 RO-data=4044 RW-data=504 ZI-data=122704  
FromELF: creating hex file...
After Build - User command #1: C:\Keil_v5\ARM\ARMCC\bin\fromelf.exe --bin -o "..\Output\IoT_Collector_F407.bin" "..\Output\IoT_Collector_F407.axf"
"..\Output\IoT_Collector_F407.axf" - 0 Error(s), 0 Warning(s).
Build Time Elapsed:  00:01:51
